C51 COMPILER V9.54   TIMER                                                                 09/25/2021 18:27:03 PAGE 1   


C51 COMPILER V9.54, COMPILATION OF MODULE TIMER
OBJECT MODULE PLACED IN .\Objects\Timer.obj
COMPILER INVOKED BY: C:\xuexigongju\keil\C51\BIN\C51.EXE Timer.c OPTIMIZE(8,SPEED) BROWSE DEBUG OBJECTEXTEND PRINT(.\Lis
                    -tings\Timer.lst) TABS(2) OBJECT(.\Objects\Timer.obj)

line level    source

   1          #include "Timer.h"
   2          #include "reg52.h"
   3          
   4          
   5          void Timer0_Init(void)
   6          {
   7   1        EA = 1;
   8   1        TMOD |= 0X01;   //设置定时器0为16位定时器
   9   1        TH0 = (65536-100)/256;      
  10   1        TL0 = (65536-100)%256;
  11   1        ET0 = 1;        //打开定时器0的中断
  12   1        TR0 = 1;        //打开定时器0
  13   1      }
  14          
  15          
  16          


MODULE INFORMATION:   STATIC OVERLAYABLE
   CODE SIZE        =     16    ----
   CONSTANT SIZE    =   ----    ----
   XDATA SIZE       =   ----    ----
   PDATA SIZE       =   ----    ----
   DATA SIZE        =   ----    ----
   IDATA SIZE       =   ----    ----
   BIT SIZE         =   ----    ----
END OF MODULE INFORMATION.


C51 COMPILATION COMPLETE.  0 WARNING(S),  0 ERROR(S)
