C51 COMPILER V9.54   OLED                                                                  09/25/2021 22:27:31 PAGE 1   


C51 COMPILER V9.54, COMPILATION OF MODULE OLED
OBJECT MODULE PLACED IN .\Objects\oled.obj
COMPILER INVOKED BY: C:\xuexigongju\keil\C51\BIN\C51.EXE oled.c OPTIMIZE(8,SPEED) BROWSE DEBUG OBJECTEXTEND PRINT(.\List
                    -ings\oled.lst) TABS(2) OBJECT(.\Objects\oled.obj)

line level    source

   1          #include "reg52.h"
   2          #include "oled.h"
   3          #include "codetab.h"
   4          
   5          // ------------------------------------------------------------
   6          // IO口模拟I2C通信
   7          // SCL接P1^3
   8          // SDA接P1^2
   9          // ------------------------------------------------------------
  10          sbit SCL=P1^0; //串行时钟
  11          sbit SDA=P1^1; //串行数据
  12          
  13          #define high 1
  14          #define low 0
  15          
  16          #define Brightness  0xCF 
  17          #define X_WIDTH   128
  18          #define Y_WIDTH   64
  19          /*********************OLED驱动程序用的延时程序************************************/
  20          void delay(unsigned short int z)
  21          {
  22   1        unsigned short int x,y;
  23   1        for(x=z;x>0;x--)
  24   1          for(y=110;y>0;y--);
  25   1      }
  26          
  27          /**********************************************
  28          //IIC Start
  29          **********************************************/
  30          void IIC_Start()
  31          {
  32   1         SCL = high;    
  33   1         SDA = high;
  34   1         SDA = low;
  35   1         SCL = low;
  36   1      }
  37          
  38          /**********************************************
  39          //IIC Stop
  40          **********************************************/
  41          void IIC_Stop()
  42          {
  43   1         SCL = low;
  44   1         SDA = low;
  45   1         SCL = high;
  46   1         SDA = high;
  47   1      }
  48          
  49          /**********************************************
  50          // 通过I2C总线写一个字节
  51          **********************************************/
  52          void Write_IIC_Byte(unsigned char IIC_Byte)
  53          {
  54   1        unsigned char i;
C51 COMPILER V9.54   OLED                                                                  09/25/2021 22:27:31 PAGE 2   

  55   1        for(i=0;i<8;i++)
  56   1        {
  57   2          if(IIC_Byte & 0x80)
  58   2            SDA=high;
  59   2          else
  60   2            SDA=low;
  61   2          SCL=high;
  62   2          SCL=low;
  63   2          IIC_Byte<<=1;
  64   2        }
  65   1        SDA=1;
  66   1        SCL=1;
  67   1        SCL=0;
  68   1      }
  69          
  70          /*********************OLED写数据************************************/ 
  71          void OLED_WrDat(unsigned char IIC_Data)
  72          {
  73   1        IIC_Start();
  74   1        Write_IIC_Byte(0x78);
  75   1        Write_IIC_Byte(0x40);     //write data
  76   1        Write_IIC_Byte(IIC_Data);
  77   1        IIC_Stop();
  78   1      }
  79          /*********************OLED写命令************************************/
  80          void OLED_WrCmd(unsigned char IIC_Command)
  81          {
  82   1        IIC_Start();
  83   1        Write_IIC_Byte(0x78);            //Slave address,SA0=0
  84   1        Write_IIC_Byte(0x00);     //write command
  85   1        Write_IIC_Byte(IIC_Command);
  86   1        IIC_Stop();
  87   1      }
  88          /*********************OLED 设置坐标************************************/
  89          void OLED_Set_Pos(unsigned char x, unsigned char y) 
  90          { 
  91   1        OLED_WrCmd(0xb0+y);
  92   1        OLED_WrCmd(((x&0xf0)>>4)|0x10);
  93   1        OLED_WrCmd((x&0x0f)|0x01);
  94   1      } 
  95          /*********************OLED全屏************************************/
  96          void OLED_Fill(unsigned char bmp_dat) 
  97          {
  98   1        unsigned char y,x;
  99   1        for(y=0;y<8;y++)
 100   1        {
 101   2          OLED_WrCmd(0xb0+y);
 102   2          OLED_WrCmd(0x01);
 103   2          OLED_WrCmd(0x10);
 104   2          for(x=0;x<X_WIDTH;x++)
 105   2          OLED_WrDat(bmp_dat);
 106   2        }
 107   1      }
 108          /*********************OLED复位************************************/
 109          void OLED_CLS(void)
 110          {
 111   1        unsigned char y,x;
 112   1        for(y=0;y<8;y++)
 113   1        {
 114   2          OLED_WrCmd(0xb0+y);
 115   2          OLED_WrCmd(0x01);
 116   2          OLED_WrCmd(0x10);
C51 COMPILER V9.54   OLED                                                                  09/25/2021 22:27:31 PAGE 3   

 117   2          for(x=0;x<X_WIDTH;x++)
 118   2          OLED_WrDat(0);
 119   2        }
 120   1      }
 121          /*********************OLED初始化************************************/
 122          void OLED_Init(void)
 123          {
 124   1        delay(500);//初始化之前的延时很重要！
 125   1        OLED_WrCmd(0xae);//--turn off oled panel
 126   1        OLED_WrCmd(0x00);//---set low column address
 127   1        OLED_WrCmd(0x10);//---set high column address
 128   1        OLED_WrCmd(0x40);//--set start line address  Set Mapping RAM Display Start Line (0x00~0x3F)
 129   1        OLED_WrCmd(0x81);//--set contrast control register
 130   1        OLED_WrCmd(Brightness); // Set SEG Output Current Brightness
 131   1        OLED_WrCmd(0xa1);//--Set SEG/Column Mapping     0xa0左右反置 0xa1正常
 132   1        OLED_WrCmd(0xc8);//Set COM/Row Scan Direction   0xc0上下反置 0xc8正常
 133   1        OLED_WrCmd(0xa6);//--set normal display
 134   1        OLED_WrCmd(0xa8);//--set multiplex ratio(1 to 64)
 135   1        OLED_WrCmd(0x3f);//--1/64 duty
 136   1        OLED_WrCmd(0xd3);//-set display offset  Shift Mapping RAM Counter (0x00~0x3F)
 137   1        OLED_WrCmd(0x00);//-not offset
 138   1        OLED_WrCmd(0xd5);//--set display clock divide ratio/oscillator frequency
 139   1        OLED_WrCmd(0x80);//--set divide ratio, Set Clock as 100 Frames/Sec
 140   1        OLED_WrCmd(0xd9);//--set pre-charge period
 141   1        OLED_WrCmd(0xf1);//Set Pre-Charge as 15 Clocks & Discharge as 1 Clock
 142   1        OLED_WrCmd(0xda);//--set com pins hardware configuration
 143   1        OLED_WrCmd(0x12);
 144   1        OLED_WrCmd(0xdb);//--set vcomh
 145   1        OLED_WrCmd(0x40);//Set VCOM Deselect Level
 146   1        OLED_WrCmd(0x20);//-Set Page Addressing Mode (0x00/0x01/0x02)
 147   1        OLED_WrCmd(0x02);//
 148   1        OLED_WrCmd(0x8d);//--set Charge Pump enable/disable
 149   1        OLED_WrCmd(0x14);//--set(0x10) disable
 150   1        OLED_WrCmd(0xa4);// Disable Entire Display On (0xa4/0xa5)
 151   1        OLED_WrCmd(0xa6);// Disable Inverse Display On (0xa6/a7) 
 152   1        OLED_WrCmd(0xaf);//--turn on oled panel
 153   1        OLED_Fill(0x00); //初始清屏
 154   1        OLED_Set_Pos(0,0);
 155   1      } 
 156          /*******************功能描述：显示8*16一组标准ASCII字符串  显示的坐标（x,y），y为页范围0～7***************
             -*/
 157          void OLED_P8x16Str(unsigned char x, unsigned char y,unsigned char ch[])
 158          {
 159   1        unsigned char c=0,i=0,j=0;
 160   1        while (ch[j]!='\0')
 161   1        {
 162   2          c =ch[j]-32;
 163   2          if(x>120){x=0;y++;}
 164   2          OLED_Set_Pos(x,y);
 165   2          for(i=0;i<8;i++)
 166   2          OLED_WrDat(F8X16[c*16+i]);
 167   2          OLED_Set_Pos(x,y+1);
 168   2          for(i=0;i<8;i++)
 169   2          OLED_WrDat(F8X16[c*16+i+8]);
 170   2          x+=8;
 171   2          j++;
 172   2        }
 173   1      }
 174          void OLED_P8x16Ch(unsigned char x, unsigned char y,unsigned char ch)
 175          {
 176   1        unsigned char c=0,i=0;
 177   1        c =ch-32;
C51 COMPILER V9.54   OLED                                                                  09/25/2021 22:27:31 PAGE 4   

 178   1        if(x>120){x=0;y++;}
 179   1        OLED_Set_Pos(x,y);
 180   1        for(i=0;i<8;i++)
 181   1        OLED_WrDat(F8X16[c*16+i]);
 182   1        OLED_Set_Pos(x,y+1);
 183   1        for(i=0;i<8;i++)
 184   1        OLED_WrDat(F8X16[c*16+i+8]);
 185   1        x+=8;
 186   1      }
 187          unsigned int oled_pow(unsigned char m,unsigned char n)
 188          {
 189   1        unsigned int result=1;   
 190   1        while(n--)result*=m;    
 191   1        return result;
 192   1      } 
 193          
 194          
 195          //显示2个数字
 196          //x,y :起点坐标  
 197          //len :数字的位数
 198          //size:字体大小
 199          //mode:模式 0,填充模式;1,叠加模式
 200          //num:数值(0~4294967295);       
 201          void OLED_ShowNum(unsigned char x,unsigned char y,int num,unsigned char len)
 202          {           
 203   1        unsigned char t,temp;
 204   1        unsigned char enshow=0;   
 205   1        if(num < 0)
 206   1        {
 207   2          num = 0-num;
 208   2          OLED_P8x16Ch(x,y,'-');
 209   2        }
 210   1        else
 211   1        {
 212   2          OLED_P8x16Ch(x,y,' ');
 213   2        }
 214   1                   
 215   1        for(t=0;t<len;t++)
 216   1        {
 217   2          temp=(num/oled_pow(10,len-t-1))%10;
 218   2          if(enshow==0&&t<(len-1))
 219   2          {
 220   3            if(temp==0)
 221   3            {
 222   4              OLED_P8x16Ch(x+8*t+8,y,' ');
 223   4              continue;
 224   4            }else enshow=1; 
 225   3             
 226   3          }
 227   2          OLED_P8x16Ch(x+8*t+8,y,temp+'0'); 
 228   2        }
 229   1      }


MODULE INFORMATION:   STATIC OVERLAYABLE
   CODE SIZE        =    761    ----
   CONSTANT SIZE    =   1520    ----
   XDATA SIZE       =   ----    ----
   PDATA SIZE       =   ----    ----
   DATA SIZE        =   ----      16
   IDATA SIZE       =   ----    ----
   BIT SIZE         =   ----    ----
C51 COMPILER V9.54   OLED                                                                  09/25/2021 22:27:31 PAGE 5   

END OF MODULE INFORMATION.


C51 COMPILATION COMPLETE.  0 WARNING(S),  0 ERROR(S)
